[Combo Receive Backfill] Mode: DRY RUN
node.exe : PrismaClientValidationError: 
At line:1 char:1
+ & "C:\Program Files\nodejs/node.exe" "C:\Program Files\nodejs/node_mo 
...
+ ~~~~~~~~~~~~~~~~~~~~~~~~~~~~~~~~~~~~~~~~~~~~~~~~~~~~~~~~~~~~~~~~~~~~~
    + CategoryInfo          : NotSpecified: (PrismaClientValidationError 
   : :String) [], RemoteException
    + FullyQualifiedErrorId : NativeCommandError
 
Invalid `prisma.purchaseOrderItem.findMany()` invocation in
E:\fashionary\Fashionary\scripts\fix-combo-purchase-receives.ts:22:52

  19     skipped: 0,
  20 };
  21 
ΓåÆ 22 const poItems = await prisma.purchaseOrderItem.findMany({
       where: {
         receivedQty: {
           gt: 0
         },
         product: {
           productType: {
             in: [
               "combo",
               "Combo"
             ]
             ~~~~~~~~~
           }
         }
       },
       include: {
         product: {
           include: {
             comboItems: true
           }
         },
         PurchaseOrder: true
       },
       orderBy: {
         poId: "asc"
       },
       take: 1
     })

Invalid value for argument `in`. Expected ProductType.
    at throwValidationException (E:\fashionary\Fashionary\node_modules\@p
risma\client\src\runtime\core\errorRendering\throwValidationException.ts:
45:9)
    at ei.handleRequestError (E:\fashionary\Fashionary\node_modules\@pris
ma\client\src\runtime\RequestHandler.ts:202:7)
    at ei.handleAndLogRequestError (E:\fashionary\Fashionary\node_modules
\@prisma\client\src\runtime\RequestHandler.ts:174:12)
    at ei.request (E:\fashionary\Fashionary\node_modules\@prisma\client\s
rc\runtime\RequestHandler.ts:143:12)
    at async a (E:\fashionary\Fashionary\node_modules\@prisma\client\src\
runtime\getPrismaClient.ts:833:24)
    at async main 
(E:\fashionary\Fashionary\scripts\fix-combo-purchase-receives.ts:22:21) {
  clientVersion: '6.19.1'
}
